Attempting to sign up user: test.admin.1764976650427@example.com
Signup Error: AuthApiError: Email address "test.admin.1764976650427@example.com" is invalid
    at handleError (C:\Users\PC USER\OneDrive\Documents\code\Fynd fuel dashboard\gaspriceadmin\node_modules\@supabase\auth-js\src\lib\fetch.ts:102:9)
    at process.processTicksAndRejections (node:internal/process/task_queues:105:5)
    at async _handleRequest (C:\Users\PC USER\OneDrive\Documents\code\Fynd fuel dashboard\gaspriceadmin\node_modules\@supabase\auth-js\src\lib\fetch.ts:195:5)
    at async _request (C:\Users\PC USER\OneDrive\Documents\code\Fynd fuel dashboard\gaspriceadmin\node_modules\@supabase\auth-js\src\lib\fetch.ts:157:16)
    at async SupabaseAuthClient.signUp (C:\Users\PC USER\OneDrive\Documents\code\Fynd fuel dashboard\gaspriceadmin\node_modules\@supabase\auth-js\src\GoTrueClient.ts:502:15)
    at async testSignup (C:\Users\PC USER\OneDrive\Documents\code\Fynd fuel dashboard\gaspriceadmin\scripts\test-signup.ts:16:29) {
  __isAuthError: true,
  status: 400,
  code: 'email_address_invalid'
}
