--- Testing /api/settings ---
Fetching global_ads_enabled...
node.exe : Settings 
Test Failed: 
SyntaxError: 
Unexpected token 
'I', "Internal S"... 
is not valid JSON
At C:\Program Files\n
odejs\npx.ps1:29 
char:3
+   & $NODE_EXE 
$NPX_CLI_JS $args
+   ~~~~~~~~~~~~~~~~~
~~~~~~~~~~~~
    + CategoryInfo   
           : NotSpe  
  cified: (Setting   
 s Test F... not     
valid JSON:Strin    
g) [], RemoteExc    
eption
    + FullyQualified 
   ErrorId : Native  
  CommandError
 
    at JSON.parse 
(<anonymous>)
    at 
parseJSONFromBytes (n
ode:internal/deps/und
ici/undici:5738:19)
    at successSteps (
node:internal/deps/un
dici/undici:5719:27)
    at fullyReadBody 
(node:internal/deps/u
ndici/undici:4609:9)
    at process.proces
sTicksAndRejections (
node:internal/process
/task_queues:105:5)
    at async 
consumeBody (node:int
ernal/deps/undici/und
ici:5728:7)
    at async 
testSettings 
(C:\Users\PC USER\One
Drive\Documents\code\
Fynd fuel dashboard\g
aspriceadmin\scripts\
test_apis.ts:16:22)
    at async main 
(C:\Users\PC USER\One
Drive\Documents\code\
Fynd fuel dashboard\g
aspriceadmin\scripts\
test_apis.ts:82:5)

--- Testing /api/ad-interaction ---
Γ¥î Analytics API 
unexpected status: 
500
